<?xml version="1.0" encoding="ISO-8859-1" ?>
<link_info>
   <banner>TI ARM Linker PC v18.12.4.LTS</banner>
   <copyright>Copyright (c) 1996-2018 Texas Instruments Incorporated</copyright>
   <link_time>0x5ed6c5ee</link_time>
   <link_errors>0x0</link_errors>
   <output_file>OSEK.out</output_file>
   <entry_point>
      <name>_c_int00_noargs</name>
      <address>0x7ded</address>
   </entry_point>
   <input_file_list>
      <input_file id="fl-2">
         <path>.\</path>
         <kind>object</kind>
         <file>Delay.obj</file>
         <name>Delay.obj</name>
      </input_file>
      <input_file id="fl-3">
         <path>.\</path>
         <kind>object</kind>
         <file>Dio.obj</file>
         <name>Dio.obj</name>
      </input_file>
      <input_file id="fl-4">
         <path>.\</path>
         <kind>object</kind>
         <file>GPIO_program.obj</file>
         <name>GPIO_program.obj</name>
      </input_file>
      <input_file id="fl-5">
         <path>.\</path>
         <kind>object</kind>
         <file>LCDInit.obj</file>
         <name>LCDInit.obj</name>
      </input_file>
      <input_file id="fl-6">
         <path>.\</path>
         <kind>object</kind>
         <file>PORTF.obj</file>
         <name>PORTF.obj</name>
      </input_file>
      <input_file id="fl-7">
         <path>.\</path>
         <kind>object</kind>
         <file>RCC_program.obj</file>
         <name>RCC_program.obj</name>
      </input_file>
      <input_file id="fl-8">
         <path>.\</path>
         <kind>object</kind>
         <file>RX_main.obj</file>
         <name>RX_main.obj</name>
      </input_file>
      <input_file id="fl-9">
         <path>.\</path>
         <kind>object</kind>
         <file>Timer0A.obj</file>
         <name>Timer0A.obj</name>
      </input_file>
      <input_file id="fl-a">
         <path>.\</path>
         <kind>object</kind>
         <file>main.obj</file>
         <name>main.obj</name>
      </input_file>
      <input_file id="fl-b">
         <path>.\</path>
         <kind>object</kind>
         <file>tm4c123gh6pm_startup_ccs.obj</file>
         <name>tm4c123gh6pm_startup_ccs.obj</name>
      </input_file>
      <input_file id="fl-c">
         <path>.\OS\</path>
         <kind>object</kind>
         <file>InitConsole.obj</file>
         <name>InitConsole.obj</name>
      </input_file>
      <input_file id="fl-d">
         <path>.\OS\</path>
         <kind>object</kind>
         <file>Lcfg.obj</file>
         <name>Lcfg.obj</name>
      </input_file>
      <input_file id="fl-e">
         <path>.\OS\</path>
         <kind>object</kind>
         <file>alarm.obj</file>
         <name>alarm.obj</name>
      </input_file>
      <input_file id="fl-f">
         <path>.\OS\</path>
         <kind>object</kind>
         <file>event.obj</file>
         <name>event.obj</name>
      </input_file>
      <input_file id="fl-10">
         <path>.\OS\</path>
         <kind>object</kind>
         <file>interrupt.obj</file>
         <name>interrupt.obj</name>
      </input_file>
      <input_file id="fl-11">
         <path>.\OS\</path>
         <kind>object</kind>
         <file>resource.obj</file>
         <name>resource.obj</name>
      </input_file>
      <input_file id="fl-12">
         <path>.\OS\</path>
         <kind>object</kind>
         <file>task.obj</file>
         <name>task.obj</name>
      </input_file>
      <input_file id="fl-13">
         <path>.\Rte\</path>
         <kind>object</kind>
         <file>Rte.obj</file>
         <name>Rte.obj</name>
      </input_file>
      <input_file id="fl-14">
         <path>.\Rte\</path>
         <kind>object</kind>
         <file>Rte_SeatHeater.obj</file>
         <name>Rte_SeatHeater.obj</name>
      </input_file>
      <input_file id="fl-15">
         <path>.\Rte\</path>
         <kind>object</kind>
         <file>Rte_SeatSensorLeft.obj</file>
         <name>Rte_SeatSensorLeft.obj</name>
      </input_file>
      <input_file id="fl-16">
         <path>.\Rte\</path>
         <kind>object</kind>
         <file>Rte_SeatSensorRight.obj</file>
         <name>Rte_SeatSensorRight.obj</name>
      </input_file>
      <input_file id="fl-17">
         <path>.\driverlib\</path>
         <kind>object</kind>
         <file>adc.obj</file>
         <name>adc.obj</name>
      </input_file>
      <input_file id="fl-18">
         <path>.\driverlib\</path>
         <kind>object</kind>
         <file>aes.obj</file>
         <name>aes.obj</name>
      </input_file>
      <input_file id="fl-19">
         <path>.\driverlib\</path>
         <kind>object</kind>
         <file>can.obj</file>
         <name>can.obj</name>
      </input_file>
      <input_file id="fl-1a">
         <path>.\driverlib\</path>
         <kind>object</kind>
         <file>comp.obj</file>
         <name>comp.obj</name>
      </input_file>
      <input_file id="fl-1b">
         <path>.\driverlib\</path>
         <kind>object</kind>
         <file>cpu.obj</file>
         <name>cpu.obj</name>
      </input_file>
      <input_file id="fl-1c">
         <path>.\driverlib\</path>
         <kind>object</kind>
         <file>crc.obj</file>
         <name>crc.obj</name>
      </input_file>
      <input_file id="fl-1d">
         <path>.\driverlib\</path>
         <kind>object</kind>
         <file>des.obj</file>
         <name>des.obj</name>
      </input_file>
      <input_file id="fl-1e">
         <path>.\driverlib\</path>
         <kind>object</kind>
         <file>eeprom.obj</file>
         <name>eeprom.obj</name>
      </input_file>
      <input_file id="fl-1f">
         <path>.\driverlib\</path>
         <kind>object</kind>
         <file>emac.obj</file>
         <name>emac.obj</name>
      </input_file>
      <input_file id="fl-20">
         <path>.\driverlib\</path>
         <kind>object</kind>
         <file>epi.obj</file>
         <name>epi.obj</name>
      </input_file>
      <input_file id="fl-21">
         <path>.\driverlib\</path>
         <kind>object</kind>
         <file>flash.obj</file>
         <name>flash.obj</name>
      </input_file>
      <input_file id="fl-22">
         <path>.\driverlib\</path>
         <kind>object</kind>
         <file>fpu.obj</file>
         <name>fpu.obj</name>
      </input_file>
      <input_file id="fl-23">
         <path>.\driverlib\</path>
         <kind>object</kind>
         <file>gpio.obj</file>
         <name>gpio.obj</name>
      </input_file>
      <input_file id="fl-24">
         <path>.\driverlib\</path>
         <kind>object</kind>
         <file>hibernate.obj</file>
         <name>hibernate.obj</name>
      </input_file>
      <input_file id="fl-25">
         <path>.\driverlib\</path>
         <kind>object</kind>
         <file>i2c.obj</file>
         <name>i2c.obj</name>
      </input_file>
      <input_file id="fl-26">
         <path>.\driverlib\</path>
         <kind>object</kind>
         <file>interrupt.obj</file>
         <name>interrupt.obj</name>
      </input_file>
      <input_file id="fl-27">
         <path>.\driverlib\</path>
         <kind>object</kind>
         <file>lcd.obj</file>
         <name>lcd.obj</name>
      </input_file>
      <input_file id="fl-28">
         <path>.\driverlib\</path>
         <kind>object</kind>
         <file>mpu.obj</file>
         <name>mpu.obj</name>
      </input_file>
      <input_file id="fl-29">
         <path>.\driverlib\</path>
         <kind>object</kind>
         <file>onewire.obj</file>
         <name>onewire.obj</name>
      </input_file>
      <input_file id="fl-2a">
         <path>.\driverlib\</path>
         <kind>object</kind>
         <file>pwm.obj</file>
         <name>pwm.obj</name>
      </input_file>
      <input_file id="fl-2b">
         <path>.\driverlib\</path>
         <kind>object</kind>
         <file>qei.obj</file>
         <name>qei.obj</name>
      </input_file>
      <input_file id="fl-2c">
         <path>.\driverlib\</path>
         <kind>object</kind>
         <file>shamd5.obj</file>
         <name>shamd5.obj</name>
      </input_file>
      <input_file id="fl-2d">
         <path>.\driverlib\</path>
         <kind>object</kind>
         <file>ssi.obj</file>
         <name>ssi.obj</name>
      </input_file>
      <input_file id="fl-2e">
         <path>.\driverlib\</path>
         <kind>object</kind>
         <file>sw_crc.obj</file>
         <name>sw_crc.obj</name>
      </input_file>
      <input_file id="fl-2f">
         <path>.\driverlib\</path>
         <kind>object</kind>
         <file>sysctl.obj</file>
         <name>sysctl.obj</name>
      </input_file>
      <input_file id="fl-30">
         <path>.\driverlib\</path>
         <kind>object</kind>
         <file>sysexc.obj</file>
         <name>sysexc.obj</name>
      </input_file>
      <input_file id="fl-31">
         <path>.\driverlib\</path>
         <kind>object</kind>
         <file>systick.obj</file>
         <name>systick.obj</name>
      </input_file>
      <input_file id="fl-32">
         <path>.\driverlib\</path>
         <kind>object</kind>
         <file>timer.obj</file>
         <name>timer.obj</name>
      </input_file>
      <input_file id="fl-33">
         <path>.\driverlib\</path>
         <kind>object</kind>
         <file>uart.obj</file>
         <name>uart.obj</name>
      </input_file>
      <input_file id="fl-34">
         <path>.\driverlib\</path>
         <kind>object</kind>
         <file>udma.obj</file>
         <name>udma.obj</name>
      </input_file>
      <input_file id="fl-35">
         <path>.\driverlib\</path>
         <kind>object</kind>
         <file>usb.obj</file>
         <name>usb.obj</name>
      </input_file>
      <input_file id="fl-36">
         <path>.\driverlib\</path>
         <kind>object</kind>
         <file>watchdog.obj</file>
         <name>watchdog.obj</name>
      </input_file>
      <input_file id="fl-37">
         <path>.\freertos\</path>
         <kind>object</kind>
         <file>list.obj</file>
         <name>list.obj</name>
      </input_file>
      <input_file id="fl-38">
         <path>.\portable\</path>
         <kind>object</kind>
         <file>port.obj</file>
         <name>port.obj</name>
      </input_file>
      <input_file id="fl-39">
         <path>.\portable\</path>
         <kind>object</kind>
         <file>portasm.obj</file>
         <name>portasm.obj</name>
      </input_file>
      <input_file id="fl-3a">
         <path>.\source\</path>
         <kind>object</kind>
         <file>Can.obj</file>
         <name>Can.obj</name>
      </input_file>
      <input_file id="fl-3b">
         <path>.\source\</path>
         <kind>object</kind>
         <file>CanIf.obj</file>
         <name>CanIf.obj</name>
      </input_file>
      <input_file id="fl-3c">
         <path>.\source\</path>
         <kind>object</kind>
         <file>CanIf_Cfg.obj</file>
         <name>CanIf_Cfg.obj</name>
      </input_file>
      <input_file id="fl-3d">
         <path>.\source\</path>
         <kind>object</kind>
         <file>CanIf_Sec_cfg.obj</file>
         <name>CanIf_Sec_cfg.obj</name>
      </input_file>
      <input_file id="fl-3e">
         <path>.\source\</path>
         <kind>object</kind>
         <file>CanTpRuntime.obj</file>
         <name>CanTpRuntime.obj</name>
      </input_file>
      <input_file id="fl-3f">
         <path>.\source\</path>
         <kind>object</kind>
         <file>CanTp_Cfg.obj</file>
         <name>CanTp_Cfg.obj</name>
      </input_file>
      <input_file id="fl-40">
         <path>.\source\</path>
         <kind>object</kind>
         <file>Com.obj</file>
         <name>Com.obj</name>
      </input_file>
      <input_file id="fl-41">
         <path>.\source\</path>
         <kind>object</kind>
         <file>Com_Asu_Cfg.obj</file>
         <name>Com_Asu_Cfg.obj</name>
      </input_file>
      <input_file id="fl-42">
         <path>.\source\</path>
         <kind>object</kind>
         <file>Com_Buffer.obj</file>
         <name>Com_Buffer.obj</name>
      </input_file>
      <input_file id="fl-43">
         <path>.\source\</path>
         <kind>object</kind>
         <file>Com_Cfg.obj</file>
         <name>Com_Cfg.obj</name>
      </input_file>
      <input_file id="fl-44">
         <path>.\source\</path>
         <kind>object</kind>
         <file>Com_helper.obj</file>
         <name>Com_helper.obj</name>
      </input_file>
      <input_file id="fl-45">
         <path>.\source\</path>
         <kind>object</kind>
         <file>Helper_Functions.obj</file>
         <name>Helper_Functions.obj</name>
      </input_file>
      <input_file id="fl-46">
         <path>.\source\</path>
         <kind>object</kind>
         <file>PDURmy.obj</file>
         <name>PDURmy.obj</name>
      </input_file>
      <input_file id="fl-47">
         <path>.\source\</path>
         <kind>object</kind>
         <file>PduR.obj</file>
         <name>PduR.obj</name>
      </input_file>
      <input_file id="fl-48">
         <path>.\source\</path>
         <kind>object</kind>
         <file>PduR_helper.obj</file>
         <name>PduR_helper.obj</name>
      </input_file>
      <input_file id="fl-49">
         <path>.\source\</path>
         <kind>object</kind>
         <file>cantp.obj</file>
         <name>cantp.obj</name>
      </input_file>
      <input_file id="fl-4a">
         <path>.\utils\</path>
         <kind>object</kind>
         <file>uartstdio.obj</file>
         <name>uartstdio.obj</name>
      </input_file>
      <input_file id="fl-4e">
         <kind>object</kind>
         <file>&lt;internal&gt;</file>
         <name>&lt;internal&gt;</name>
      </input_file>
      <input_file id="fl-104">
         <path>C:\ti\ccs930\ccs\tools\compiler\ti-cgt-arm_18.12.4.LTS\lib\</path>
         <kind>archive</kind>
         <file>rtsv7M4_T_le_v4SPD16_eabi.lib</file>
         <name>fd_toi_t2.asm.obj</name>
      </input_file>
      <input_file id="fl-105">
         <path>C:\ti\ccs930\ccs\tools\compiler\ti-cgt-arm_18.12.4.LTS\lib\</path>
         <kind>archive</kind>
         <file>rtsv7M4_T_le_v4SPD16_eabi.lib</file>
         <name>fd_tou_t2.asm.obj</name>
      </input_file>
      <input_file id="fl-106">
         <path>C:\ti\ccs930\ccs\tools\compiler\ti-cgt-arm_18.12.4.LTS\lib\</path>
         <kind>archive</kind>
         <file>rtsv7M4_T_le_v4SPD16_eabi.lib</file>
         <name>ll_mul_t2.asm.obj</name>
      </input_file>
      <input_file id="fl-107">
         <path>C:\ti\ccs930\ccs\tools\compiler\ti-cgt-arm_18.12.4.LTS\lib\</path>
         <kind>archive</kind>
         <file>rtsv7M4_T_le_v4SPD16_eabi.lib</file>
         <name>memcpy_t2.asm.obj</name>
      </input_file>
      <input_file id="fl-108">
         <path>C:\ti\ccs930\ccs\tools\compiler\ti-cgt-arm_18.12.4.LTS\lib\</path>
         <kind>archive</kind>
         <file>rtsv7M4_T_le_v4SPD16_eabi.lib</file>
         <name>u_divt2.asm.obj</name>
      </input_file>
      <input_file id="fl-109">
         <path>C:\ti\ccs930\ccs\tools\compiler\ti-cgt-arm_18.12.4.LTS\lib\</path>
         <kind>archive</kind>
         <file>rtsv7M4_T_le_v4SPD16_eabi.lib</file>
         <name>memset_t2.asm.obj</name>
      </input_file>
      <input_file id="fl-10a">
         <path>C:\ti\ccs930\ccs\tools\compiler\ti-cgt-arm_18.12.4.LTS\lib\</path>
         <kind>archive</kind>
         <file>rtsv7M4_T_le_v4SPD16_eabi.lib</file>
         <name>copy_zero_init.c.obj</name>
      </input_file>
      <input_file id="fl-10b">
         <path>C:\ti\ccs930\ccs\tools\compiler\ti-cgt-arm_18.12.4.LTS\lib\</path>
         <kind>archive</kind>
         <file>rtsv7M4_T_le_v4SPD16_eabi.lib</file>
         <name>copy_decompress_none.c.obj</name>
      </input_file>
      <input_file id="fl-10c">
         <path>C:\ti\ccs930\ccs\tools\compiler\ti-cgt-arm_18.12.4.LTS\lib\</path>
         <kind>archive</kind>
         <file>rtsv7M4_T_le_v4SPD16_eabi.lib</file>
         <name>copy_decompress_lzss.c.obj</name>
      </input_file>
      <input_file id="fl-10d">
         <path>C:\ti\ccs930\ccs\tools\compiler\ti-cgt-arm_18.12.4.LTS\lib\</path>
         <kind>archive</kind>
         <file>rtsv7M4_T_le_v4SPD16_eabi.lib</file>
         <name>boot_cortex_m.c.obj</name>
      </input_file>
      <input_file id="fl-10e">
         <path>C:\ti\ccs930\ccs\tools\compiler\ti-cgt-arm_18.12.4.LTS\lib\</path>
         <kind>archive</kind>
         <file>rtsv7M4_T_le_v4SPD16_eabi.lib</file>
         <name>div0.asm.obj</name>
      </input_file>
      <input_file id="fl-10f">
         <path>C:\ti\ccs930\ccs\tools\compiler\ti-cgt-arm_18.12.4.LTS\lib\</path>
         <kind>archive</kind>
         <file>rtsv7M4_T_le_v4SPD16_eabi.lib</file>
         <name>autoinit.c.obj</name>
      </input_file>
      <input_file id="fl-110">
         <path>C:\ti\ccs930\ccs\tools\compiler\ti-cgt-arm_18.12.4.LTS\lib\</path>
         <kind>archive</kind>
         <file>rtsv7M4_T_le_v4SPD16_eabi.lib</file>
         <name>pre_init.c.obj</name>
      </input_file>
      <input_file id="fl-111">
         <path>C:\ti\ccs930\ccs\tools\compiler\ti-cgt-arm_18.12.4.LTS\lib\</path>
         <kind>archive</kind>
         <file>rtsv7M4_T_le_v4SPD16_eabi.lib</file>
         <name>cpy_tbl.c.obj</name>
      </input_file>
      <input_file id="fl-112">
         <path>C:\ti\ccs930\ccs\tools\compiler\ti-cgt-arm_18.12.4.LTS\lib\</path>
         <kind>archive</kind>
         <file>rtsv7M4_T_le_v4SPD16_eabi.lib</file>
         <name>exit.c.obj</name>
      </input_file>
      <input_file id="fl-113">
         <path>C:\ti\ccs930\ccs\tools\compiler\ti-cgt-arm_18.12.4.LTS\lib\</path>
         <kind>archive</kind>
         <file>rtsv7M4_T_le_v4SPD16_eabi.lib</file>
         <name>_lock.c.obj</name>
      </input_file>
      <input_file id="fl-114">
         <path>C:\ti\ccs930\ccs\tools\compiler\ti-cgt-arm_18.12.4.LTS\lib\</path>
         <kind>archive</kind>
         <file>rtsv7M4_T_le_v4SPD16_eabi.lib</file>
         <name>args_main.c.obj</name>
      </input_file>
   </input_file_list>
   <object_component_list>
      <object_component id="oc-f">
         <name>.intvecs</name>
         <load_address>0x0</load_address>
         <run_address>0x0</run_address>
         <size>0x268</size>
         <input_file_ref idref="fl-b"/>
      </object_component>
      <object_component id="oc-35">
         <name>.text</name>
         <load_address>0x268</load_address>
         <run_address>0x268</run_address>
         <size>0x1bdc</size>
         <input_file_ref idref="fl-3a"/>
      </object_component>
      <object_component id="oc-b9">
         <name>.text</name>
         <load_address>0x1e44</load_address>
         <run_address>0x1e44</run_address>
         <size>0xf80</size>
         <input_file_ref idref="fl-2f"/>
      </object_component>
      <object_component id="oc-2cd">
         <name>.text</name>
         <load_address>0x2dc4</load_address>
         <run_address>0x2dc4</run_address>
         <size>0xc6c</size>
         <input_file_ref idref="fl-45"/>
      </object_component>
      <object_component id="oc-98">
         <name>.text</name>
         <load_address>0x3a30</load_address>
         <run_address>0x3a30</run_address>
         <size>0xa28</size>
         <input_file_ref idref="fl-19"/>
      </object_component>
      <object_component id="oc-2e7">
         <name>.text</name>
         <load_address>0x4458</load_address>
         <run_address>0x4458</run_address>
         <size>0x914</size>
         <input_file_ref idref="fl-40"/>
      </object_component>
      <object_component id="oc-1e0">
         <name>.text</name>
         <load_address>0x4d6c</load_address>
         <run_address>0x4d6c</run_address>
         <size>0x698</size>
         <input_file_ref idref="fl-49"/>
      </object_component>
      <object_component id="oc-d7">
         <name>.text</name>
         <load_address>0x5404</load_address>
         <run_address>0x5404</run_address>
         <size>0x664</size>
         <input_file_ref idref="fl-3b"/>
      </object_component>
      <object_component id="oc-82">
         <name>.text</name>
         <load_address>0x5a68</load_address>
         <run_address>0x5a68</run_address>
         <size>0x658</size>
         <input_file_ref idref="fl-12"/>
      </object_component>
      <object_component id="oc-13c">
         <name>.text</name>
         <load_address>0x60c0</load_address>
         <run_address>0x60c0</run_address>
         <size>0x598</size>
         <input_file_ref idref="fl-e"/>
      </object_component>
      <object_component id="oc-381">
         <name>.text</name>
         <load_address>0x6658</load_address>
         <run_address>0x6658</run_address>
         <size>0x590</size>
         <input_file_ref idref="fl-42"/>
      </object_component>
      <object_component id="oc-bf">
         <name>.text</name>
         <load_address>0x6be8</load_address>
         <run_address>0x6be8</run_address>
         <size>0x3c0</size>
         <input_file_ref idref="fl-26"/>
      </object_component>
      <object_component id="oc-219">
         <name>.text</name>
         <load_address>0x6fa8</load_address>
         <run_address>0x6fa8</run_address>
         <size>0x1ec</size>
         <input_file_ref idref="fl-f"/>
      </object_component>
      <object_component id="oc-213">
         <name>.text</name>
         <load_address>0x7194</load_address>
         <run_address>0x7194</run_address>
         <size>0x170</size>
         <input_file_ref idref="fl-4"/>
      </object_component>
      <object_component id="oc-2e1">
         <name>.text</name>
         <load_address>0x7304</load_address>
         <run_address>0x7304</run_address>
         <size>0x164</size>
         <input_file_ref idref="fl-48"/>
      </object_component>
      <object_component id="oc-1e6">
         <name>.text</name>
         <load_address>0x7468</load_address>
         <run_address>0x7468</run_address>
         <size>0x140</size>
         <input_file_ref idref="fl-47"/>
      </object_component>
      <object_component id="oc-2f">
         <name>.text</name>
         <load_address>0x75a8</load_address>
         <run_address>0x75a8</run_address>
         <size>0x13c</size>
         <input_file_ref idref="fl-38"/>
      </object_component>
      <object_component id="oc-11f">
         <name>.text</name>
         <load_address>0x76e4</load_address>
         <run_address>0x76e4</run_address>
         <size>0x130</size>
         <input_file_ref idref="fl-a"/>
      </object_component>
      <object_component id="oc-136">
         <name>.text</name>
         <load_address>0x7814</load_address>
         <run_address>0x7814</run_address>
         <size>0x12a</size>
         <input_file_ref idref="fl-37"/>
      </object_component>
      <object_component id="oc-2a">
         <name>.text</name>
         <load_address>0x7940</load_address>
         <run_address>0x7940</run_address>
         <size>0xda</size>
         <input_file_ref idref="fl-39"/>
      </object_component>
      <object_component id="oc-49">
         <name>.text</name>
         <load_address>0x7a1a</load_address>
         <run_address>0x7a1a</run_address>
         <size>0x9c</size>
         <input_file_ref idref="fl-107"/>
      </object_component>
      <object_component id="oc-b4">
         <name>.text</name>
         <load_address>0x7ab6</load_address>
         <run_address>0x7ab6</run_address>
         <size>0x7a</size>
         <input_file_ref idref="fl-109"/>
      </object_component>
      <object_component id="oc-38d">
         <name>.text</name>
         <load_address>0x7b30</load_address>
         <run_address>0x7b30</run_address>
         <size>0x72</size>
         <input_file_ref idref="fl-44"/>
      </object_component>
      <object_component id="oc-c8">
         <name>.text</name>
         <load_address>0x7ba4</load_address>
         <run_address>0x7ba4</run_address>
         <size>0x70</size>
         <input_file_ref idref="fl-9"/>
      </object_component>
      <object_component id="oc-12">
         <name>.text:decompress:lzss:__TI_decompress_lzss</name>
         <load_address>0x7c14</load_address>
         <run_address>0x7c14</run_address>
         <size>0x68</size>
         <input_file_ref idref="fl-10c"/>
      </object_component>
      <object_component id="oc-20d">
         <name>.text</name>
         <load_address>0x7c7c</load_address>
         <run_address>0x7c7c</run_address>
         <size>0x60</size>
         <input_file_ref idref="fl-7"/>
      </object_component>
      <object_component id="oc-34b">
         <name>.text</name>
         <load_address>0x7cdc</load_address>
         <run_address>0x7cdc</run_address>
         <size>0x48</size>
         <input_file_ref idref="fl-104"/>
      </object_component>
      <object_component id="oc-237">
         <name>.text:__TI_auto_init_nobinit_nopinit:__TI_auto_init_nobinit_nopinit</name>
         <load_address>0x7d24</load_address>
         <run_address>0x7d24</run_address>
         <size>0x44</size>
         <input_file_ref idref="fl-10f"/>
      </object_component>
      <object_component id="oc-2d6">
         <name>.text</name>
         <load_address>0x7d68</load_address>
         <run_address>0x7d68</run_address>
         <size>0x44</size>
         <input_file_ref idref="fl-105"/>
      </object_component>
      <object_component id="oc-1aa">
         <name>.text</name>
         <load_address>0x7dac</load_address>
         <run_address>0x7dac</run_address>
         <size>0x3e</size>
         <input_file_ref idref="fl-1b"/>
      </object_component>
      <object_component id="oc-67">
         <name>.text:_c_int00_noargs:_c_int00_noargs</name>
         <load_address>0x7dec</load_address>
         <run_address>0x7dec</run_address>
         <size>0x34</size>
         <input_file_ref idref="fl-10d"/>
      </object_component>
      <object_component id="oc-3f1">
         <name>.text</name>
         <load_address>0x7e20</load_address>
         <run_address>0x7e20</run_address>
         <size>0x18</size>
         <input_file_ref idref="fl-106"/>
      </object_component>
      <object_component id="oc-18">
         <name>.text:decompress:none:__TI_decompress_none</name>
         <load_address>0x7e38</load_address>
         <run_address>0x7e38</run_address>
         <size>0xe</size>
         <input_file_ref idref="fl-10b"/>
      </object_component>
      <object_component id="oc-5b">
         <name>.text:decompress:ZI:__TI_zero_init</name>
         <load_address>0x7e46</load_address>
         <run_address>0x7e46</run_address>
         <size>0xc</size>
         <input_file_ref idref="fl-10a"/>
      </object_component>
      <object_component id="oc-24">
         <name>.text</name>
         <load_address>0x7e52</load_address>
         <run_address>0x7e52</run_address>
         <size>0xc</size>
         <input_file_ref idref="fl-b"/>
      </object_component>
      <object_component id="oc-1b9">
         <name>.text:SysCtlDelay</name>
         <load_address>0x7e5e</load_address>
         <run_address>0x7e5e</run_address>
         <size>0x6</size>
         <input_file_ref idref="fl-2f"/>
      </object_component>
      <object_component id="oc-119">
         <name>.text:_system_pre_init</name>
         <load_address>0x7e64</load_address>
         <run_address>0x7e64</run_address>
         <size>0x4</size>
         <input_file_ref idref="fl-110"/>
      </object_component>
      <object_component id="oc-22b">
         <name>.text:abort:abort</name>
         <load_address>0x7e68</load_address>
         <run_address>0x7e68</run_address>
         <size>0x4</size>
         <input_file_ref idref="fl-112"/>
      </object_component>
      <object_component id="oc-1b6">
         <name>.const:g_pppui32XTALtoVCO</name>
         <load_address>0x7e70</load_address>
         <run_address>0x7e70</run_address>
         <size>0x1b0</size>
         <input_file_ref idref="fl-2f"/>
      </object_component>
      <object_component id="oc-a1">
         <name>.const:CanContainer</name>
         <load_address>0x8020</load_address>
         <run_address>0x8020</run_address>
         <size>0x154</size>
         <input_file_ref idref="fl-3a"/>
      </object_component>
      <object_component id="oc-9e">
         <name>.const:MailboxCfg_MAP</name>
         <load_address>0x8174</load_address>
         <run_address>0x8174</run_address>
         <size>0x154</size>
         <input_file_ref idref="fl-3a"/>
      </object_component>
      <object_component id="oc-1c2">
         <name>.const:g_pui32Regs</name>
         <load_address>0x82c8</load_address>
         <run_address>0x82c8</run_address>
         <size>0x9c</size>
         <input_file_ref idref="fl-26"/>
      </object_component>
      <object_component id="oc-7f">
         <name>.const</name>
         <load_address>0x8364</load_address>
         <run_address>0x8364</run_address>
         <size>0x4</size>
         <input_file_ref idref="fl-38"/>
      </object_component>
      <object_component id="oc-356">
         <name>.const:CanTp_RxNSdu</name>
         <load_address>0x8368</load_address>
         <run_address>0x8368</run_address>
         <size>0x80</size>
         <input_file_ref idref="fl-3f"/>
      </object_component>
      <object_component id="oc-1b0">
         <name>.const:g_pui32Xtals</name>
         <load_address>0x83e8</load_address>
         <run_address>0x83e8</run_address>
         <size>0x6c</size>
         <input_file_ref idref="fl-2f"/>
      </object_component>
      <object_component id="oc-359">
         <name>.const:CanTp_TxNSdu</name>
         <load_address>0x8458</load_address>
         <run_address>0x8458</run_address>
         <size>0x50</size>
         <input_file_ref idref="fl-3f"/>
      </object_component>
      <object_component id="oc-21f">
         <name>.const</name>
         <load_address>0x84a8</load_address>
         <run_address>0x84a8</run_address>
         <size>0x40</size>
         <input_file_ref idref="fl-d"/>
      </object_component>
      <object_component id="oc-1a7">
         <name>.const:g_sXTALtoMEMTIM</name>
         <load_address>0x84e8</load_address>
         <run_address>0x84e8</run_address>
         <size>0x30</size>
         <input_file_ref idref="fl-2f"/>
      </object_component>
      <object_component id="oc-2d3">
         <name>.const:CanTp_Config</name>
         <load_address>0x8518</load_address>
         <run_address>0x8518</run_address>
         <size>0x20</size>
         <input_file_ref idref="fl-3f"/>
      </object_component>
      <object_component id="oc-1bf">
         <name>.const:g_pui32Priority</name>
         <load_address>0x8538</load_address>
         <run_address>0x8538</run_address>
         <size>0x20</size>
         <input_file_ref idref="fl-26"/>
      </object_component>
      <object_component id="oc-16d">
         <name>.const:g_ui16CANBitValues</name>
         <load_address>0x8558</load_address>
         <run_address>0x8558</run_address>
         <size>0x20</size>
         <input_file_ref idref="fl-19"/>
      </object_component>
      <object_component id="oc-179">
         <name>.const:McuPerClockConfigData</name>
         <load_address>0x8578</load_address>
         <run_address>0x8578</run_address>
         <size>0x18</size>
         <input_file_ref idref="fl-3a"/>
      </object_component>
      <object_component id="oc-1c8">
         <name>.const:g_pui32Dii16Regs</name>
         <load_address>0x8590</load_address>
         <run_address>0x8590</run_address>
         <size>0x14</size>
         <input_file_ref idref="fl-26"/>
      </object_component>
      <object_component id="oc-1c5">
         <name>.const:g_pui32EnRegs</name>
         <load_address>0x85a4</load_address>
         <run_address>0x85a4</run_address>
         <size>0x14</size>
         <input_file_ref idref="fl-26"/>
      </object_component>
      <object_component id="oc-1cb">
         <name>.const:g_pui32PendRegs</name>
         <load_address>0x85b8</load_address>
         <run_address>0x85b8</run_address>
         <size>0x14</size>
         <input_file_ref idref="fl-26"/>
      </object_component>
      <object_component id="oc-1ce">
         <name>.const:g_pui32UnpendRegs</name>
         <load_address>0x85cc</load_address>
         <run_address>0x85cc</run_address>
         <size>0x14</size>
         <input_file_ref idref="fl-26"/>
      </object_component>
      <object_component id="oc-1b3">
         <name>.const:g_pui32VCOFrequencies</name>
         <load_address>0x85e0</load_address>
         <run_address>0x85e0</run_address>
         <size>0x8</size>
         <input_file_ref idref="fl-2f"/>
      </object_component>
      <object_component id="oc-43e">
         <name>.cinit..data.load</name>
         <load_address>0x85e8</load_address>
         <run_address>0x85e8</run_address>
         <size>0x10e</size>
      </object_component>
      <object_component id="oc-43b">
         <name>__TI_handler_table</name>
         <load_address>0x86f8</load_address>
         <run_address>0x86f8</run_address>
         <size>0xc</size>
      </object_component>
      <object_component id="oc-43f">
         <name>.cinit..bss.load</name>
         <load_address>0x8708</load_address>
         <run_address>0x8708</run_address>
         <size>0x8</size>
      </object_component>
      <object_component id="oc-43d">
         <name>.cinit..vtable.load</name>
         <load_address>0x8710</load_address>
         <run_address>0x8710</run_address>
         <size>0x8</size>
      </object_component>
      <object_component id="oc-43c">
         <name>__TI_cinit_table</name>
         <load_address>0x8718</load_address>
         <run_address>0x8718</run_address>
         <size>0x18</size>
      </object_component>
      <object_component id="oc-1bc">
         <name>.vtable</name>
         <uninitialized>true</uninitialized>
         <run_address>0x20000000</run_address>
         <size>0x26c</size>
         <input_file_ref idref="fl-26"/>
      </object_component>
      <object_component id="oc-222">
         <name>.data</name>
         <load_address>0x200012f0</load_address>
         <run_address>0x200012f0</run_address>
         <size>0x8</size>
         <input_file_ref idref="fl-a"/>
      </object_component>
      <object_component id="oc-154">
         <name>.data:EventsInTask</name>
         <load_address>0x200011a4</load_address>
         <run_address>0x200011a4</run_address>
         <size>0x40</size>
         <input_file_ref idref="fl-d"/>
      </object_component>
      <object_component id="oc-151">
         <name>.data:TaskStruct</name>
         <load_address>0x20000de0</load_address>
         <run_address>0x20000de0</run_address>
         <size>0x190</size>
         <input_file_ref idref="fl-d"/>
      </object_component>
      <object_component id="oc-277">
         <name>.data:CounterStruct</name>
         <load_address>0x200011e4</load_address>
         <run_address>0x200011e4</run_address>
         <size>0x3c</size>
         <input_file_ref idref="fl-d"/>
      </object_component>
      <object_component id="oc-280">
         <name>.data:AlarmStruct</name>
         <load_address>0x20000f70</load_address>
         <run_address>0x20000f70</run_address>
         <size>0x120</size>
         <input_file_ref idref="fl-d"/>
      </object_component>
      <object_component id="oc-27a">
         <name>.data</name>
         <load_address>0x200012e8</load_address>
         <run_address>0x200012e8</run_address>
         <size>0x8</size>
         <input_file_ref idref="fl-e"/>
      </object_component>
      <object_component id="oc-7c">
         <name>.data</name>
         <load_address>0x20001220</load_address>
         <run_address>0x20001220</run_address>
         <size>0x2c</size>
         <input_file_ref idref="fl-12"/>
      </object_component>
      <object_component id="oc-89">
         <name>.data</name>
         <load_address>0x20001314</load_address>
         <run_address>0x20001314</run_address>
         <size>0x4</size>
         <input_file_ref idref="fl-38"/>
      </object_component>
      <object_component id="oc-a7">
         <name>.data:state_transition_flag</name>
         <load_address>0x20001325</load_address>
         <run_address>0x20001325</run_address>
         <size>0x2</size>
         <input_file_ref idref="fl-3a"/>
      </object_component>
      <object_component id="oc-ad">
         <name>.data</name>
         <load_address>0x20001318</load_address>
         <run_address>0x20001318</run_address>
         <size>0x3</size>
         <input_file_ref idref="fl-3a"/>
      </object_component>
      <object_component id="oc-1ee">
         <name>.data:canif_cantp_value</name>
         <load_address>0x20001310</load_address>
         <run_address>0x20001310</run_address>
         <size>0x4</size>
         <input_file_ref idref="fl-3b"/>
      </object_component>
      <object_component id="oc-1f1">
         <name>.data:canif_PduR_Value</name>
         <load_address>0x20001327</load_address>
         <run_address>0x20001327</run_address>
         <size>0x1</size>
         <input_file_ref idref="fl-3b"/>
      </object_component>
      <object_component id="oc-1f4">
         <name>.data:canif_Comfrimation_Value</name>
         <load_address>0x2000130c</load_address>
         <run_address>0x2000130c</run_address>
         <size>0x4</size>
         <input_file_ref idref="fl-3b"/>
      </object_component>
      <object_component id="oc-2db">
         <name>.data:CanTpRunTimeData</name>
         <load_address>0x20001090</load_address>
         <run_address>0x20001090</run_address>
         <size>0x114</size>
         <input_file_ref idref="fl-3e"/>
      </object_component>
      <object_component id="oc-393">
         <name>.data:com_pdur</name>
         <load_address>0x20001323</load_address>
         <run_address>0x20001323</run_address>
         <size>0x2</size>
         <input_file_ref idref="fl-40"/>
      </object_component>
      <object_component id="oc-38a">
         <name>.data</name>
         <load_address>0x20001308</load_address>
         <run_address>0x20001308</run_address>
         <size>0x4</size>
         <input_file_ref idref="fl-40"/>
      </object_component>
      <object_component id="oc-3ec">
         <name>.data:ComAsuConfiguration</name>
         <load_address>0x200012dc</load_address>
         <run_address>0x200012dc</run_address>
         <size>0xc</size>
         <input_file_ref idref="fl-41"/>
      </object_component>
      <object_component id="oc-342">
         <name>.data:canif_ids</name>
         <load_address>0x2000131b</load_address>
         <run_address>0x2000131b</run_address>
         <size>0x2</size>
         <input_file_ref idref="fl-45"/>
      </object_component>
      <object_component id="oc-350">
         <name>.data:cantp_com_copy_tx</name>
         <load_address>0x2000131f</load_address>
         <run_address>0x2000131f</run_address>
         <size>0x2</size>
         <input_file_ref idref="fl-45"/>
      </object_component>
      <object_component id="oc-348">
         <name>.data:cantp_com_rx_or_copy</name>
         <load_address>0x20001321</load_address>
         <run_address>0x20001321</run_address>
         <size>0x2</size>
         <input_file_ref idref="fl-45"/>
      </object_component>
      <object_component id="oc-345">
         <name>.data:cantp_cainf_FC</name>
         <load_address>0x2000131d</load_address>
         <run_address>0x2000131d</run_address>
         <size>0x2</size>
         <input_file_ref idref="fl-45"/>
      </object_component>
      <object_component id="oc-365">
         <name>.data:virtual_com</name>
         <load_address>0x20001298</load_address>
         <run_address>0x20001298</run_address>
         <size>0x14</size>
         <input_file_ref idref="fl-48"/>
      </object_component>
      <object_component id="oc-368">
         <name>.data:real_com</name>
         <load_address>0x20001284</load_address>
         <run_address>0x20001284</run_address>
         <size>0x14</size>
         <input_file_ref idref="fl-48"/>
      </object_component>
      <object_component id="oc-36b">
         <name>.data:virtual_CanIf</name>
         <load_address>0x20001268</load_address>
         <run_address>0x20001268</run_address>
         <size>0x1c</size>
         <input_file_ref idref="fl-48"/>
      </object_component>
      <object_component id="oc-36e">
         <name>.data:real_CanIf</name>
         <load_address>0x2000124c</load_address>
         <run_address>0x2000124c</run_address>
         <size>0x1c</size>
         <input_file_ref idref="fl-48"/>
      </object_component>
      <object_component id="oc-371">
         <name>.data:virtual_CanTp_rx</name>
         <load_address>0x200012cc</load_address>
         <run_address>0x200012cc</run_address>
         <size>0x10</size>
         <input_file_ref idref="fl-48"/>
      </object_component>
      <object_component id="oc-374">
         <name>.data:real_CanTp_rx</name>
         <load_address>0x200012bc</load_address>
         <run_address>0x200012bc</run_address>
         <size>0x10</size>
         <input_file_ref idref="fl-48"/>
      </object_component>
      <object_component id="oc-377">
         <name>.data:virtual_CanTp_tx</name>
         <load_address>0x20001300</load_address>
         <run_address>0x20001300</run_address>
         <size>0x8</size>
         <input_file_ref idref="fl-48"/>
      </object_component>
      <object_component id="oc-37a">
         <name>.data:real_CanTp_tx</name>
         <load_address>0x200012f8</load_address>
         <run_address>0x200012f8</run_address>
         <size>0x8</size>
         <input_file_ref idref="fl-48"/>
      </object_component>
      <object_component id="oc-37d">
         <name>.data:Com_type</name>
         <load_address>0x200012ac</load_address>
         <run_address>0x200012ac</run_address>
         <size>0x10</size>
         <input_file_ref idref="fl-48"/>
      </object_component>
      <object_component id="oc-28f">
         <name>.bss:IdleStack</name>
         <uninitialized>true</uninitialized>
         <run_address>0x20000270</run_address>
         <size>0x200</size>
         <input_file_ref idref="fl-d"/>
      </object_component>
      <object_component id="oc-292">
         <name>.bss:TaskStack1</name>
         <uninitialized>true</uninitialized>
         <run_address>0x20000470</run_address>
         <size>0x200</size>
         <input_file_ref idref="fl-d"/>
      </object_component>
      <object_component id="oc-295">
         <name>.bss:TaskStack2</name>
         <uninitialized>true</uninitialized>
         <run_address>0x20000670</run_address>
         <size>0x200</size>
         <input_file_ref idref="fl-d"/>
      </object_component>
      <object_component id="oc-298">
         <name>.bss:TaskStack3</name>
         <uninitialized>true</uninitialized>
         <run_address>0x20000870</run_address>
         <size>0x200</size>
         <input_file_ref idref="fl-d"/>
      </object_component>
      <object_component id="oc-29b">
         <name>.bss:TaskStack4</name>
         <uninitialized>true</uninitialized>
         <run_address>0x20000a70</run_address>
         <size>0x200</size>
         <input_file_ref idref="fl-d"/>
      </object_component>
      <object_component id="oc-14b">
         <name>.bss:ReadyTasksLists</name>
         <uninitialized>true</uninitialized>
         <run_address>0x20000c70</run_address>
         <size>0x64</size>
         <input_file_ref idref="fl-12"/>
      </object_component>
      <object_component id="oc-142">
         <name>.bss:DelayedTaskList1</name>
         <uninitialized>true</uninitialized>
         <run_address>0x20000d3c</run_address>
         <size>0x14</size>
         <input_file_ref idref="fl-12"/>
      </object_component>
      <object_component id="oc-145">
         <name>.bss:DelayedTaskList2</name>
         <uninitialized>true</uninitialized>
         <run_address>0x20000d50</run_address>
         <size>0x14</size>
         <input_file_ref idref="fl-12"/>
      </object_component>
      <object_component id="oc-148">
         <name>.bss</name>
         <uninitialized>true</uninitialized>
         <run_address>0x20000dac</run_address>
         <size>0x8</size>
         <input_file_ref idref="fl-12"/>
      </object_component>
      <object_component id="oc-14e">
         <name>.bss:SuspendedTaskList</name>
         <uninitialized>true</uninitialized>
         <run_address>0x20000d64</run_address>
         <size>0x14</size>
         <input_file_ref idref="fl-12"/>
      </object_component>
      <object_component id="oc-d1">
         <name>.bss:Int_enable_in_start_mode</name>
         <uninitialized>true</uninitialized>
         <run_address>0x20000dcb</run_address>
         <size>0x4</size>
         <input_file_ref idref="fl-3a"/>
      </object_component>
      <object_component id="oc-d4">
         <name>.bss:Int_disable_in_stop_mode</name>
         <uninitialized>true</uninitialized>
         <run_address>0x20000dc7</run_address>
         <size>0x4</size>
         <input_file_ref idref="fl-3a"/>
      </object_component>
      <object_component id="oc-aa">
         <name>.bss:Can_ControllerMode</name>
         <uninitialized>true</uninitialized>
         <run_address>0x20000cd4</run_address>
         <size>0x4</size>
         <input_file_ref idref="fl-3a"/>
      </object_component>
      <object_component id="oc-b1">
         <name>.bss</name>
         <uninitialized>true</uninitialized>
         <run_address>0x20000dcf</run_address>
         <size>0x1</size>
         <input_file_ref idref="fl-3a"/>
      </object_component>
      <object_component id="oc-ce">
         <name>.bss:IntDisableCount</name>
         <uninitialized>true</uninitialized>
         <run_address>0x20000dbf</run_address>
         <size>0x4</size>
         <input_file_ref idref="fl-3a"/>
      </object_component>
      <object_component id="oc-c5">
         <name>.bss:IntEnableCount</name>
         <uninitialized>true</uninitialized>
         <run_address>0x20000dc3</run_address>
         <size>0x4</size>
         <input_file_ref idref="fl-3a"/>
      </object_component>
      <object_component id="oc-b0">
         <name>.bss:ErrorState$3</name>
         <uninitialized>true</uninitialized>
         <run_address>0x20000dbb</run_address>
         <size>0x4</size>
         <input_file_ref idref="fl-3a"/>
      </object_component>
      <object_component id="oc-2ed">
         <name>.bss:info$1</name>
         <uninitialized>true</uninitialized>
         <run_address>0x20000da0</run_address>
         <size>0xc</size>
         <input_file_ref idref="fl-47"/>
      </object_component>
      <object_component id="oc-27d">
         <name>.common:CounterList</name>
         <uninitialized>true</uninitialized>
         <run_address>0x20000d78</run_address>
         <size>0x14</size>
      </object_component>
      <object_component id="oc-283">
         <name>.common:DormantAlarmList</name>
         <uninitialized>true</uninitialized>
         <run_address>0x20000d8c</run_address>
         <size>0x14</size>
      </object_component>
      <object_component id="oc-a4">
         <name>.common:Message_Confirmation</name>
         <uninitialized>true</uninitialized>
         <run_address>0x20000d18</run_address>
         <size>0x24</size>
      </object_component>
      <object_component id="oc-1dc">
         <name>.common:CanIf_ConfigPtr</name>
         <uninitialized>true</uninitialized>
         <run_address>0x20000dd8</run_address>
         <size>0x4</size>
      </object_component>
      <object_component id="oc-1ed">
         <name>.common:CanIfPrivateCfgInst</name>
         <uninitialized>true</uninitialized>
         <run_address>0x20000dd0</run_address>
         <size>0x4</size>
      </object_component>
      <object_component id="oc-1df">
         <name>.common:CanIf_Global</name>
         <uninitialized>true</uninitialized>
         <run_address>0x20000db4</run_address>
         <size>0x7</size>
      </object_component>
      <object_component id="oc-1ec">
         <name>.common:CanIfRxPduCfg_Arr</name>
         <uninitialized>true</uninitialized>
         <run_address>0x20000dd4</run_address>
         <size>0x4</size>
      </object_component>
      <object_component id="oc-387">
         <name>.common:ComConfig</name>
         <uninitialized>true</uninitialized>
         <run_address>0x20000ddc</run_address>
         <size>0x4</size>
      </object_component>
      <object_component id="oc-40c">
         <name>.common:Com_Asu_IPdu</name>
         <uninitialized>true</uninitialized>
         <run_address>0x20000cd8</run_address>
         <size>0x40</size>
      </object_component>
      <object_component id="oc-21">
         <name>.stack</name>
         <uninitialized>true</uninitialized>
         <run_address>0x20001328</run_address>
         <size>0x4</size>
         <input_file_ref idref="fl-10d"/>
      </object_component>
      <object_component id="oc-440">
         <name>.stack</name>
         <uninitialized>true</uninitialized>
         <run_address>0x20001328</run_address>
         <size>0x0</size>
      </object_component>
      <object_component id="oc-44">
         <name>.debug_info</name>
         <load_address>0x0</load_address>
         <run_address>0x0</run_address>
         <size>0x84</size>
         <input_file_ref idref="fl-2"/>
      </object_component>
      <object_component id="oc-1fd">
         <name>.debug_info</name>
         <load_address>0x84</load_address>
         <run_address>0x84</run_address>
         <size>0x304</size>
         <input_file_ref idref="fl-3"/>
      </object_component>
      <object_component id="oc-fe">
         <name>.debug_info</name>
         <load_address>0x388</load_address>
         <run_address>0x388</run_address>
         <size>0x26b</size>
         <input_file_ref idref="fl-3"/>
      </object_component>
      <object_component id="oc-1f8">
         <name>.debug_info</name>
         <load_address>0x5f3</load_address>
         <run_address>0x5f3</run_address>
         <size>0x297</size>
         <input_file_ref idref="fl-3"/>
      </object_component>
      <object_component id="oc-171">
         <name>.debug_info</name>
         <load_address>0x88a</load_address>
         <run_address>0x88a</run_address>
         <size>0xef</size>
         <input_file_ref idref="fl-3"/>
      </object_component>
      <object_component id="oc-de">
         <name>.debug_info</name>
         <load_address>0x979</load_address>
         <run_address>0x979</run_address>
         <size>0xbb</size>
         <input_file_ref idref="fl-3"/>
      </object_component>
      <object_component id="oc-305">
         <name>.debug_info</name>
         <load_address>0xa34</load_address>
         <run_address>0xa34</run_address>
         <size>0x25d</size>
         <input_file_ref idref="fl-4"/>
      </object_component>
      <object_component id="oc-214">
         <name>.debug_info</name>
         <load_address>0xc91</load_address>
         <run_address>0xc91</run_address>
         <size>0x359</size>
         <input_file_ref idref="fl-4"/>
      </object_component>
      <object_component id="oc-2ff">
         <name>.debug_info</name>
         <load_address>0xfea</load_address>
         <run_address>0xfea</run_address>
         <size>0xa1</size>
         <input_file_ref idref="fl-4"/>
      </object_component>
      <object_component id="oc-20e">
         <name>.debug_info</name>
         <load_address>0x108b</load_address>
         <run_address>0x108b</run_address>
         <size>0x158</size>
         <input_file_ref idref="fl-7"/>
      </object_component>
      <object_component id="oc-cb">
         <name>.debug_info</name>
         <load_address>0x11e3</load_address>
         <run_address>0x11e3</run_address>
         <size>0x17e</size>
         <input_file_ref idref="fl-9"/>
      </object_component>
      <object_component id="oc-16b">
         <name>.debug_info</name>
         <load_address>0x1361</load_address>
         <run_address>0x1361</run_address>
         <size>0x7cc</size>
         <input_file_ref idref="fl-a"/>
      </object_component>
      <object_component id="oc-223">
         <name>.debug_info</name>
         <load_address>0x1b2d</load_address>
         <run_address>0x1b2d</run_address>
         <size>0xce</size>
         <input_file_ref idref="fl-a"/>
      </object_component>
      <object_component id="oc-120">
         <name>.debug_info</name>
         <load_address>0x1bfb</load_address>
         <run_address>0x1bfb</run_address>
         <size>0x52b</size>
         <input_file_ref idref="fl-a"/>
      </object_component>
      <object_component id="oc-180">
         <name>.debug_info</name>
         <load_address>0x2126</load_address>
         <run_address>0x2126</run_address>
         <size>0x676</size>
         <input_file_ref idref="fl-a"/>
      </object_component>
      <object_component id="oc-185">
         <name>.debug_info</name>
         <load_address>0x279c</load_address>
         <run_address>0x279c</run_address>
         <size>0x55b</size>
         <input_file_ref idref="fl-a"/>
      </object_component>
      <object_component id="oc-f7">
         <name>.debug_info</name>
         <load_address>0x2cf7</load_address>
         <run_address>0x2cf7</run_address>
         <size>0x175</size>
         <input_file_ref idref="fl-a"/>
      </object_component>
      <object_component id="oc-e3">
         <name>.debug_info</name>
         <load_address>0x2e6c</load_address>
         <run_address>0x2e6c</run_address>
         <size>0x9ad</size>
         <input_file_ref idref="fl-a"/>
      </object_component>
      <object_component id="oc-194">
         <name>.debug_info</name>
         <load_address>0x3819</load_address>
         <run_address>0x3819</run_address>
         <size>0x8fc</size>
         <input_file_ref idref="fl-a"/>
      </object_component>
      <object_component id="oc-18a">
         <name>.debug_info</name>
         <load_address>0x4115</load_address>
         <run_address>0x4115</run_address>
         <size>0x1ce</size>
         <input_file_ref idref="fl-a"/>
      </object_component>
      <object_component id="oc-199">
         <name>.debug_info</name>
         <load_address>0x42e3</load_address>
         <run_address>0x42e3</run_address>
         <size>0x306</size>
         <input_file_ref idref="fl-a"/>
      </object_component>
      <object_component id="oc-ed">
         <name>.debug_info</name>
         <load_address>0x45e9</load_address>
         <run_address>0x45e9</run_address>
         <size>0x1a2</size>
         <input_file_ref idref="fl-a"/>
      </object_component>
      <object_component id="oc-158">
         <name>.debug_info</name>
         <load_address>0x478b</load_address>
         <run_address>0x478b</run_address>
         <size>0xda</size>
         <input_file_ref idref="fl-a"/>
      </object_component>
      <object_component id="oc-2f1">
         <name>.debug_info</name>
         <load_address>0x4865</load_address>
         <run_address>0x4865</run_address>
         <size>0x6c</size>
         <input_file_ref idref="fl-a"/>
      </object_component>
      <object_component id="oc-18f">
         <name>.debug_info</name>
         <load_address>0x48d1</load_address>
         <run_address>0x48d1</run_address>
         <size>0x190</size>
         <input_file_ref idref="fl-a"/>
      </object_component>
      <object_component id="oc-166">
         <name>.debug_info</name>
         <load_address>0x4a61</load_address>
         <run_address>0x4a61</run_address>
         <size>0x468</size>
         <input_file_ref idref="fl-a"/>
      </object_component>
      <object_component id="oc-26b">
         <name>.debug_info</name>
         <load_address>0x4ec9</load_address>
         <run_address>0x4ec9</run_address>
         <size>0xc4</size>
         <input_file_ref idref="fl-a"/>
      </object_component>
      <object_component id="oc-270">
         <name>.debug_info</name>
         <load_address>0x4f8d</load_address>
         <run_address>0x4f8d</run_address>
         <size>0x480</size>
         <input_file_ref idref="fl-a"/>
      </object_component>
      <object_component id="oc-f2">
         <name>.debug_info</name>
         <load_address>0x540d</load_address>
         <run_address>0x540d</run_address>
         <size>0x8b</size>
         <input_file_ref idref="fl-a"/>
      </object_component>
      <object_component id="oc-226">
         <name>.debug_info</name>
         <load_address>0x5498</load_address>
         <run_address>0x5498</run_address>
         <size>0x53</size>
         <input_file_ref idref="fl-a"/>
      </object_component>
      <object_component id="oc-8e">
         <name>.debug_info</name>
         <load_address>0x54eb</load_address>
         <run_address>0x54eb</run_address>
         <size>0x2c</size>
         <input_file_ref idref="fl-a"/>
      </object_component>
      <object_component id="oc-93">
         <name>.debug_info</name>
         <load_address>0x5517</load_address>
         <run_address>0x5517</run_address>
         <size>0x53</size>
         <input_file_ref idref="fl-a"/>
      </object_component>
      <object_component id="oc-161">
         <name>.debug_info</name>
         <load_address>0x556a</load_address>
         <run_address>0x556a</run_address>
         <size>0x14c</size>
         <input_file_ref idref="fl-a"/>
      </object_component>
      <object_component id="oc-3d">
         <name>.debug_info</name>
         <load_address>0x56b6</load_address>
         <run_address>0x56b6</run_address>
         <size>0x365</size>
         <input_file_ref idref="fl-b"/>
      </object_component>
      <object_component id="oc-10">
         <name>.debug_info</name>
         <load_address>0x5a1b</load_address>
         <run_address>0x5a1b</run_address>
         <size>0xf2</size>
         <input_file_ref idref="fl-b"/>
      </object_component>
      <object_component id="oc-28">
         <name>.debug_info</name>
         <load_address>0x5b0d</load_address>
         <run_address>0x5b0d</run_address>
         <size>0x26e</size>
         <input_file_ref idref="fl-b"/>
      </object_component>
      <object_component id="oc-2a0">
         <name>.debug_info</name>
         <load_address>0x5d7b</load_address>
         <run_address>0x5d7b</run_address>
         <size>0x2e5</size>
         <input_file_ref idref="fl-d"/>
      </object_component>
      <object_component id="oc-220">
         <name>.debug_info</name>
         <load_address>0x6060</load_address>
         <run_address>0x6060</run_address>
         <size>0x406</size>
         <input_file_ref idref="fl-d"/>
      </object_component>
      <object_component id="oc-155">
         <name>.debug_info</name>
         <load_address>0x6466</load_address>
         <run_address>0x6466</run_address>
         <size>0xe1</size>
         <input_file_ref idref="fl-d"/>
      </object_component>
      <object_component id="oc-290">
         <name>.debug_info</name>
         <load_address>0x6547</load_address>
         <run_address>0x6547</run_address>
         <size>0xda</size>
         <input_file_ref idref="fl-d"/>
      </object_component>
      <object_component id="oc-293">
         <name>.debug_info</name>
         <load_address>0x6621</load_address>
         <run_address>0x6621</run_address>
         <size>0xdc</size>
         <input_file_ref idref="fl-d"/>
      </object_component>
      <object_component id="oc-296">
         <name>.debug_info</name>
         <load_address>0x66fd</load_address>
         <run_address>0x66fd</run_address>
         <size>0xdc</size>
         <input_file_ref idref="fl-d"/>
      </object_component>
      <object_component id="oc-299">
         <name>.debug_info</name>
         <load_address>0x67d9</load_address>
         <run_address>0x67d9</run_address>
         <size>0xdc</size>
         <input_file_ref idref="fl-d"/>
      </object_component>
      <object_component id="oc-29c">
         <name>.debug_info</name>
         <load_address>0x68b5</load_address>
         <run_address>0x68b5</run_address>
         <size>0xdc</size>
         <input_file_ref idref="fl-d"/>
      </object_component>
      <object_component id="oc-152">
         <name>.debug_info</name>
         <load_address>0x6991</load_address>
         <run_address>0x6991</run_address>
         <size>0xdd</size>
         <input_file_ref idref="fl-d"/>
      </object_component>
      <object_component id="oc-278">
         <name>.debug_info</name>
         <load_address>0x6a6e</load_address>
         <run_address>0x6a6e</run_address>
         <size>0xe4</size>
         <input_file_ref idref="fl-d"/>
      </object_component>
      <object_component id="oc-281">
         <name>.debug_info</name>
         <load_address>0x6b52</load_address>
         <run_address>0x6b52</run_address>
         <size>0xe0</size>
         <input_file_ref idref="fl-d"/>
      </object_component>
      <object_component id="oc-27e">
         <name>.debug_info</name>
         <load_address>0x6c32</load_address>
         <run_address>0x6c32</run_address>
         <size>0x5ea</size>
         <input_file_ref idref="fl-e"/>
      </object_component>
      <object_component id="oc-27b">
         <name>.debug_info</name>
         <load_address>0x721c</load_address>
         <run_address>0x721c</run_address>
         <size>0x131</size>
         <input_file_ref idref="fl-e"/>
      </object_component>
      <object_component id="oc-13d">
         <name>.debug_info</name>
         <load_address>0x734d</load_address>
         <run_address>0x734d</run_address>
         <size>0xcf0</size>
         <input_file_ref idref="fl-e"/>
      </object_component>
      <object_component id="oc-307">
         <name>.debug_info</name>
         <load_address>0x803d</load_address>
         <run_address>0x803d</run_address>
         <size>0x44c</size>
         <input_file_ref idref="fl-f"/>
      </object_component>
      <object_component id="oc-21a">
         <name>.debug_info</name>
         <load_address>0x8489</load_address>
         <run_address>0x8489</run_address>
         <size>0x55d</size>
         <input_file_ref idref="fl-f"/>
      </object_component>
      <object_component id="oc-133">
         <name>.debug_info</name>
         <load_address>0x89e6</load_address>
         <run_address>0x89e6</run_address>
         <size>0x635</size>
         <input_file_ref idref="fl-12"/>
      </object_component>
      <object_component id="oc-7d">
         <name>.debug_info</name>
         <load_address>0x901b</load_address>
         <run_address>0x901b</run_address>
         <size>0x2a9</size>
         <input_file_ref idref="fl-12"/>
      </object_component>
      <object_component id="oc-14c">
         <name>.debug_info</name>
         <load_address>0x92c4</load_address>
         <run_address>0x92c4</run_address>
         <size>0xe6</size>
         <input_file_ref idref="fl-12"/>
      </object_component>
      <object_component id="oc-143">
         <name>.debug_info</name>
         <load_address>0x93aa</load_address>
         <run_address>0x93aa</run_address>
         <size>0xe8</size>
         <input_file_ref idref="fl-12"/>
      </object_component>
      <object_component id="oc-146">
         <name>.debug_info</name>
         <load_address>0x9492</load_address>
         <run_address>0x9492</run_address>
         <size>0xe8</size>
         <input_file_ref idref="fl-12"/>
      </object_component>
      <object_component id="oc-149">
         <name>.debug_info</name>
         <load_address>0x957a</load_address>
         <run_address>0x957a</run_address>
         <size>0x128</size>
         <input_file_ref idref="fl-12"/>
      </object_component>
      <object_component id="oc-14f">
         <name>.debug_info</name>
         <load_address>0x96a2</load_address>
         <run_address>0x96a2</run_address>
         <size>0xea</size>
         <input_file_ref idref="fl-12"/>
      </object_component>
      <object_component id="oc-83">
         <name>.debug_info</name>
         <load_address>0x978c</load_address>
         <run_address>0x978c</run_address>
         <size>0xde4</size>
         <input_file_ref idref="fl-12"/>
      </object_component>
      <object_component id="oc-176">
         <name>.debug_info</name>
         <load_address>0xa570</load_address>
         <run_address>0xa570</run_address>
         <size>0x340</size>
         <input_file_ref idref="fl-19"/>
      </object_component>
      <object_component id="oc-16e">
         <name>.debug_info</name>
         <load_address>0xa8b0</load_address>
         <run_address>0xa8b0</run_address>
         <size>0xf2</size>
         <input_file_ref idref="fl-19"/>
      </object_component>
      <object_component id="oc-9a">
         <name>.debug_info</name>
         <load_address>0xa9a2</load_address>
         <run_address>0xa9a2</run_address>
         <size>0x184b</size>
         <input_file_ref idref="fl-19"/>
      </object_component>
      <object_component id="oc-e8">
         <name>.debug_info</name>
         <load_address>0xc1ed</load_address>
         <run_address>0xc1ed</run_address>
         <size>0x1b3</size>
         <input_file_ref idref="fl-19"/>
      </object_component>
      <object_component id="oc-1ac">
         <name>.debug_info</name>
         <load_address>0xc3a0</load_address>
         <run_address>0xc3a0</run_address>
         <size>0x33f</size>
         <input_file_ref idref="fl-1b"/>
      </object_component>
      <object_component id="oc-1d2">
         <name>.debug_info</name>
         <load_address>0xc6df</load_address>
         <run_address>0xc6df</run_address>
         <size>0x340</size>
         <input_file_ref idref="fl-26"/>
      </object_component>
      <object_component id="oc-1c0">
         <name>.debug_info</name>
         <load_address>0xca1f</load_address>
         <run_address>0xca1f</run_address>
         <size>0xf2</size>
         <input_file_ref idref="fl-26"/>
      </object_component>
      <object_component id="oc-1c3">
         <name>.debug_info</name>
         <load_address>0xcb11</load_address>
         <run_address>0xcb11</run_address>
         <size>0xea</size>
         <input_file_ref idref="fl-26"/>
      </object_component>
      <object_component id="oc-1c6">
         <name>.debug_info</name>
         <load_address>0xcbfb</load_address>
         <run_address>0xcbfb</run_address>
         <size>0xee</size>
         <input_file_ref idref="fl-26"/>
      </object_component>
      <object_component id="oc-1c9">
         <name>.debug_info</name>
         <load_address>0xcce9</load_address>
         <run_address>0xcce9</run_address>
         <size>0xf4</size>
         <input_file_ref idref="fl-26"/>
      </object_component>
      <object_component id="oc-1cc">
         <name>.debug_info</name>
         <load_address>0xcddd</load_address>
         <run_address>0xcddd</run_address>
         <size>0xf2</size>
         <input_file_ref idref="fl-26"/>
      </object_component>
      <object_component id="oc-1cf">
         <name>.debug_info</name>
         <load_address>0xcecf</load_address>
         <run_address>0xcecf</run_address>
         <size>0xf6</size>
         <input_file_ref idref="fl-26"/>
      </object_component>
      <object_component id="oc-1bd">
         <name>.debug_info</name>
         <load_address>0xcfc5</load_address>
         <run_address>0xcfc5</run_address>
         <size>0xf3</size>
         <input_file_ref idref="fl-26"/>
      </object_component>
      <object_component id="oc-c2">
         <name>.debug_info</name>
         <load_address>0xd0b8</load_address>
         <run_address>0xd0b8</run_address>
         <size>0xcf3</size>
         <input_file_ref idref="fl-26"/>
      </object_component>
      <object_component id="oc-1bb">
         <name>.debug_info</name>
         <load_address>0xddab</load_address>
         <run_address>0xddab</run_address>
         <size>0x3c5</size>
         <input_file_ref idref="fl-2f"/>
      </object_component>
      <object_component id="oc-1b1">
         <name>.debug_info</name>
         <load_address>0xe170</load_address>
         <run_address>0xe170</run_address>
         <size>0xe9</size>
         <input_file_ref idref="fl-2f"/>
      </object_component>
      <object_component id="oc-1b7">
         <name>.debug_info</name>
         <load_address>0xe259</load_address>
         <run_address>0xe259</run_address>
         <size>0xf5</size>
         <input_file_ref idref="fl-2f"/>
      </object_component>
      <object_component id="oc-1a8">
         <name>.debug_info</name>
         <load_address>0xe34e</load_address>
         <run_address>0xe34e</run_address>
         <size>0xef</size>
         <input_file_ref idref="fl-2f"/>
      </object_component>
      <object_component id="oc-1b4">
         <name>.debug_info</name>
         <load_address>0xe43d</load_address>
         <run_address>0xe43d</run_address>
         <size>0xfc</size>
         <input_file_ref idref="fl-2f"/>
      </object_component>
      <object_component id="oc-bb">
         <name>.debug_info</name>
         <load_address>0xe539</load_address>
         <run_address>0xe539</run_address>
         <size>0x2b39</size>
         <input_file_ref idref="fl-2f"/>
      </object_component>
      <object_component id="oc-2b7">
         <name>.debug_info</name>
         <load_address>0x11072</load_address>
         <run_address>0x11072</run_address>
         <size>0x51</size>
         <input_file_ref idref="fl-2f"/>
      </object_component>
      <object_component id="oc-276">
         <name>.debug_info</name>
         <load_address>0x110c3</load_address>
         <run_address>0x110c3</run_address>
         <size>0x34f</size>
         <input_file_ref idref="fl-37"/>
      </object_component>
      <object_component id="oc-137">
         <name>.debug_info</name>
         <load_address>0x11412</load_address>
         <run_address>0x11412</run_address>
         <size>0x4ae</size>
         <input_file_ref idref="fl-37"/>
      </object_component>
      <object_component id="oc-8d">
         <name>.debug_info</name>
         <load_address>0x118c0</load_address>
         <run_address>0x118c0</run_address>
         <size>0x3cd</size>
         <input_file_ref idref="fl-38"/>
      </object_component>
      <object_component id="oc-80">
         <name>.debug_info</name>
         <load_address>0x11c8d</load_address>
         <run_address>0x11c8d</run_address>
         <size>0x109</size>
         <input_file_ref idref="fl-38"/>
      </object_component>
      <object_component id="oc-8a">
         <name>.debug_info</name>
         <load_address>0x11d96</load_address>
         <run_address>0x11d96</run_address>
         <size>0xf0</size>
         <input_file_ref idref="fl-38"/>
      </object_component>
      <object_component id="oc-30">
         <name>.debug_info</name>
         <load_address>0x11e86</load_address>
         <run_address>0x11e86</run_address>
         <size>0x540</size>
         <input_file_ref idref="fl-38"/>
      </object_component>
      <object_component id="oc-2d">
         <name>.debug_info</name>
         <load_address>0x123c6</load_address>
         <run_address>0x123c6</run_address>
         <size>0x23e</size>
         <input_file_ref idref="fl-39"/>
      </object_component>
      <object_component id="oc-a5">
         <name>.debug_info</name>
         <load_address>0x12604</load_address>
         <run_address>0x12604</run_address>
         <size>0x910</size>
         <input_file_ref idref="fl-3a"/>
      </object_component>
      <object_component id="oc-d2">
         <name>.debug_info</name>
         <load_address>0x12f14</load_address>
         <run_address>0x12f14</run_address>
         <size>0xfb</size>
         <input_file_ref idref="fl-3a"/>
      </object_component>
      <object_component id="oc-d5">
         <name>.debug_info</name>
         <load_address>0x1300f</load_address>
         <run_address>0x1300f</run_address>
         <size>0xfb</size>
         <input_file_ref idref="fl-3a"/>
      </object_component>
      <object_component id="oc-a8">
         <name>.debug_info</name>
         <load_address>0x1310a</load_address>
         <run_address>0x1310a</run_address>
         <size>0xf5</size>
         <input_file_ref idref="fl-3a"/>
      </object_component>
      <object_component id="oc-ab">
         <name>.debug_info</name>
         <load_address>0x131ff</load_address>
         <run_address>0x131ff</run_address>
         <size>0xef</size>
         <input_file_ref idref="fl-3a"/>
      </object_component>
      <object_component id="oc-b2">
         <name>.debug_info</name>
         <load_address>0x132ee</load_address>
         <run_address>0x132ee</run_address>
         <size>0xf7</size>
         <input_file_ref idref="fl-3a"/>
      </object_component>
      <object_component id="oc-cf">
         <name>.debug_info</name>
         <load_address>0x133e5</load_address>
         <run_address>0x133e5</run_address>
         <size>0xe9</size>
         <input_file_ref idref="fl-3a"/>
      </object_component>
      <object_component id="oc-c6">
         <name>.debug_info</name>
         <load_address>0x134ce</load_address>
         <run_address>0x134ce</run_address>
         <size>0xe7</size>
         <input_file_ref idref="fl-3a"/>
      </object_component>
      <object_component id="oc-ae">
         <name>.debug_info</name>
         <load_address>0x135b5</load_address>
         <run_address>0x135b5</run_address>
         <size>0xe3</size>
         <input_file_ref idref="fl-3a"/>
      </object_component>
      <object_component id="oc-17a">
         <name>.debug_info</name>
         <load_address>0x13698</load_address>
         <run_address>0x13698</run_address>
         <size>0xf6</size>
         <input_file_ref idref="fl-3a"/>
      </object_component>
      <object_component id="oc-9f">
         <name>.debug_info</name>
         <load_address>0x1378e</load_address>
         <run_address>0x1378e</run_address>
         <size>0xe8</size>
         <input_file_ref idref="fl-3a"/>
      </object_component>
      <object_component id="oc-a2">
         <name>.debug_info</name>
         <load_address>0x13876</load_address>
         <run_address>0x13876</run_address>
         <size>0xe4</size>
         <input_file_ref idref="fl-3a"/>
      </object_component>
      <object_component id="oc-36">
         <name>.debug_info</name>
         <load_address>0x1395a</load_address>
         <run_address>0x1395a</run_address>
         <size>0x169f</size>
         <input_file_ref idref="fl-3a"/>
      </object_component>
      <object_component id="oc-1dd">
         <name>.debug_info</name>
         <load_address>0x14ff9</load_address>
         <run_address>0x14ff9</run_address>
         <size>0x684</size>
         <input_file_ref idref="fl-3b"/>
      </object_component>
      <object_component id="oc-1ef">
         <name>.debug_info</name>
         <load_address>0x1567d</load_address>
         <run_address>0x1567d</run_address>
         <size>0xf0</size>
         <input_file_ref idref="fl-3b"/>
      </object_component>
      <object_component id="oc-1f2">
         <name>.debug_info</name>
         <load_address>0x1576d</load_address>
         <run_address>0x1576d</run_address>
         <size>0xee</size>
         <input_file_ref idref="fl-3b"/>
      </object_component>
      <object_component id="oc-1f5">
         <name>.debug_info</name>
         <load_address>0x1585b</load_address>
         <run_address>0x1585b</run_address>
         <size>0xfe</size>
         <input_file_ref idref="fl-3b"/>
      </object_component>
      <object_component id="oc-d8">
         <name>.debug_info</name>
         <load_address>0x15959</load_address>
         <run_address>0x15959</run_address>
         <size>0x1171</size>
         <input_file_ref idref="fl-3b"/>
      </object_component>
      <object_component id="oc-2dc">
         <name>.debug_info</name>
         <load_address>0x16aca</load_address>
         <run_address>0x16aca</run_address>
         <size>0xf5</size>
         <input_file_ref idref="fl-3e"/>
      </object_component>
      <object_component id="oc-35e">
         <name>.debug_info</name>
         <load_address>0x16bbf</load_address>
         <run_address>0x16bbf</run_address>
         <size>0x1d7</size>
         <input_file_ref idref="fl-3f"/>
      </object_component>
      <object_component id="oc-35a">
         <name>.debug_info</name>
         <load_address>0x16d96</load_address>
         <run_address>0x16d96</run_address>
         <size>0xea</size>
         <input_file_ref idref="fl-3f"/>
      </object_component>
      <object_component id="oc-357">
         <name>.debug_info</name>
         <load_address>0x16e80</load_address>
         <run_address>0x16e80</run_address>
         <size>0xea</size>
         <input_file_ref idref="fl-3f"/>
      </object_component>
      <object_component id="oc-2d4">
         <name>.debug_info</name>
         <load_address>0x16f6a</load_address>
         <run_address>0x16f6a</run_address>
         <size>0xea</size>
         <input_file_ref idref="fl-3f"/>
      </object_component>
      <object_component id="oc-388">
         <name>.debug_info</name>
         <load_address>0x17054</load_address>
         <run_address>0x17054</run_address>
         <size>0x6b6</size>
         <input_file_ref idref="fl-40"/>
      </object_component>
      <object_component id="oc-394">
         <name>.debug_info</name>
         <load_address>0x1770a</load_address>
         <run_address>0x1770a</run_address>
         <size>0xdc</size>
         <input_file_ref idref="fl-40"/>
      </object_component>
      <object_component id="oc-38b">
         <name>.debug_info</name>
         <load_address>0x177e6</load_address>
         <run_address>0x177e6</run_address>
         <size>0xe7</size>
         <input_file_ref idref="fl-40"/>
      </object_component>
      <object_component id="oc-2e8">
         <name>.debug_info</name>
         <load_address>0x178cd</load_address>
         <run_address>0x178cd</run_address>
         <size>0x1067</size>
         <input_file_ref idref="fl-40"/>
      </object_component>
      <object_component id="oc-3e7">
         <name>.debug_info</name>
         <load_address>0x18934</load_address>
         <run_address>0x18934</run_address>
         <size>0x24d</size>
         <input_file_ref idref="fl-40"/>
      </object_component>
      <object_component id="oc-40d">
         <name>.debug_info</name>
         <load_address>0x18b81</load_address>
         <run_address>0x18b81</run_address>
         <size>0x1b1</size>
         <input_file_ref idref="fl-41"/>
      </object_component>
      <object_component id="oc-3ed">
         <name>.debug_info</name>
         <load_address>0x18d32</load_address>
         <run_address>0x18d32</run_address>
         <size>0xfa</size>
         <input_file_ref idref="fl-41"/>
      </object_component>
      <object_component id="oc-3e4">
         <name>.debug_info</name>
         <load_address>0x18e2c</load_address>
         <run_address>0x18e2c</run_address>
         <size>0x365</size>
         <input_file_ref idref="fl-42"/>
      </object_component>
      <object_component id="oc-382">
         <name>.debug_info</name>
         <load_address>0x19191</load_address>
         <run_address>0x19191</run_address>
         <size>0xa35</size>
         <input_file_ref idref="fl-42"/>
      </object_component>
      <object_component id="oc-38e">
         <name>.debug_info</name>
         <load_address>0x19bc6</load_address>
         <run_address>0x19bc6</run_address>
         <size>0x220</size>
         <input_file_ref idref="fl-44"/>
      </object_component>
      <object_component id="oc-354">
         <name>.debug_info</name>
         <load_address>0x19de6</load_address>
         <run_address>0x19de6</run_address>
         <size>0x6df</size>
         <input_file_ref idref="fl-45"/>
[...]
         <value>0x68d</value>
         <object_component_ref idref="oc-35"/>
      </symbol>
      <symbol id="sm-82a">
         <name>Can1_InterruptHandler</name>
         <value>0x19d1</value>
         <object_component_ref idref="oc-35"/>
      </symbol>
      <symbol id="sm-82b">
         <name>Can_DisableControllerInterrupts</name>
         <value>0xff9</value>
         <object_component_ref idref="oc-35"/>
      </symbol>
      <symbol id="sm-82c">
         <name>CanContainer</name>
         <value>0x8020</value>
         <object_component_ref idref="oc-a1"/>
      </symbol>
      <symbol id="sm-82d">
         <name>McuPerClockConfigData</name>
         <value>0x8578</value>
         <object_component_ref idref="oc-179"/>
      </symbol>
      <symbol id="sm-82e">
         <name>Can_Init</name>
         <value>0x1bcd</value>
         <object_component_ref idref="oc-35"/>
      </symbol>
      <symbol id="sm-82f">
         <name>Can_DeInit</name>
         <value>0x1d85</value>
         <object_component_ref idref="oc-35"/>
      </symbol>
      <symbol id="sm-830">
         <name>Can_SetBaudrate</name>
         <value>0xe99</value>
         <object_component_ref idref="oc-35"/>
      </symbol>
      <symbol id="sm-8b1">
         <name>CanIf_ConfigPtr</name>
         <value>0x20000dd8</value>
      </symbol>
      <symbol id="sm-8b2">
         <name>CanIfPrivateCfgInst</name>
         <value>0x20000dd0</value>
      </symbol>
      <symbol id="sm-8b3">
         <name>CanIf_Global</name>
         <value>0x20000db4</value>
      </symbol>
      <symbol id="sm-8b4">
         <name>CanIfRxPduCfg_Arr</name>
         <value>0x20000dd4</value>
      </symbol>
      <symbol id="sm-8b5">
         <name>CanIf_SetControllerMode</name>
         <value>0x550f</value>
         <object_component_ref idref="oc-d7"/>
      </symbol>
      <symbol id="sm-8b6">
         <name>CanIf_GetControllerMode</name>
         <value>0x5591</value>
         <object_component_ref idref="oc-d7"/>
      </symbol>
      <symbol id="sm-8b7">
         <name>CanIf_SetPduMode</name>
         <value>0x5459</value>
         <object_component_ref idref="oc-d7"/>
      </symbol>
      <symbol id="sm-8b8">
         <name>CanIf_GetPduMode</name>
         <value>0x54cb</value>
         <object_component_ref idref="oc-d7"/>
      </symbol>
      <symbol id="sm-8b9">
         <name>CanIf_FindRxPduEntry</name>
         <value>0x5783</value>
         <object_component_ref idref="oc-d7"/>
      </symbol>
      <symbol id="sm-8ba">
         <name>CanIf_FindTxPduEntry</name>
         <value>0x55dd</value>
         <object_component_ref idref="oc-d7"/>
      </symbol>
      <symbol id="sm-8bb">
         <name>CanIf_FindHrhChannel</name>
         <value>0x570d</value>
         <object_component_ref idref="oc-d7"/>
      </symbol>
      <symbol id="sm-8bc">
         <name>CanIf_TxConfirmation</name>
         <value>0x59e9</value>
         <object_component_ref idref="oc-d7"/>
      </symbol>
      <symbol id="sm-8bd">
         <name>Get_User_RxIndication</name>
         <value>0x580d</value>
         <object_component_ref idref="oc-d7"/>
      </symbol>
      <symbol id="sm-8be">
         <name>canif_PduR_Value</name>
         <value>0x20001327</value>
         <object_component_ref idref="oc-1f1"/>
      </symbol>
      <symbol id="sm-8bf">
         <name>Get_User_RxIndication_Name</name>
         <value>0x57e7</value>
         <object_component_ref idref="oc-d7"/>
      </symbol>
      <symbol id="sm-8c0">
         <name>CanIf_Init</name>
         <value>0x5405</value>
         <object_component_ref idref="oc-d7"/>
      </symbol>
      <symbol id="sm-8c1">
         <name>CanIf_RxIndication</name>
         <value>0x5859</value>
         <object_component_ref idref="oc-d7"/>
      </symbol>
      <symbol id="sm-8c2">
         <name>CanIf_Transmit</name>
         <value>0x5645</value>
         <object_component_ref idref="oc-d7"/>
      </symbol>
      <symbol id="sm-8c3">
         <name>canif_cantp_value</name>
         <value>0x20001310</value>
         <object_component_ref idref="oc-1ee"/>
      </symbol>
      <symbol id="sm-8c4">
         <name>canif_Comfrimation_Value</name>
         <value>0x2000130c</value>
         <object_component_ref idref="oc-1f4"/>
      </symbol>
      <symbol id="sm-8ce">
         <name>CanTpRunTimeData</name>
         <value>0x20001090</value>
         <object_component_ref idref="oc-2db"/>
      </symbol>
      <symbol id="sm-8e6">
         <name>CanTp_TxNSdu</name>
         <value>0x8458</value>
         <object_component_ref idref="oc-359"/>
      </symbol>
      <symbol id="sm-8e7">
         <name>CanTp_RxNSdu</name>
         <value>0x8368</value>
         <object_component_ref idref="oc-356"/>
      </symbol>
      <symbol id="sm-8e8">
         <name>CanTp_Config</name>
         <value>0x8518</value>
         <object_component_ref idref="oc-2d3"/>
      </symbol>
      <symbol id="sm-96d">
         <name>ComConfig</name>
         <value>0x20000ddc</value>
      </symbol>
      <symbol id="sm-96e">
         <name>Com_TpRxIndication</name>
         <value>0x4c5f</value>
         <object_component_ref idref="oc-2e7"/>
      </symbol>
      <symbol id="sm-96f">
         <name>Com_MainFunctionRx</name>
         <value>0x45f7</value>
         <object_component_ref idref="oc-2e7"/>
      </symbol>
      <symbol id="sm-970">
         <name>Com_MainFunctionTx</name>
         <value>0x4729</value>
         <object_component_ref idref="oc-2e7"/>
      </symbol>
      <symbol id="sm-971">
         <name>Com_StartOfReception</name>
         <value>0x4bd7</value>
         <object_component_ref idref="oc-2e7"/>
      </symbol>
      <symbol id="sm-972">
         <name>Com_ReceiveSignal</name>
         <value>0x4933</value>
         <object_component_ref idref="oc-2e7"/>
      </symbol>
      <symbol id="sm-973">
         <name>Com_TriggerIPDUSend</name>
         <value>0x4ab5</value>
         <object_component_ref idref="oc-2e7"/>
      </symbol>
      <symbol id="sm-974">
         <name>Com_RxIndication</name>
         <value>0x4ba7</value>
         <object_component_ref idref="oc-2e7"/>
      </symbol>
      <symbol id="sm-975">
         <name>Com_TpTxConfirmation</name>
         <value>0x4cbf</value>
         <object_component_ref idref="oc-2e7"/>
      </symbol>
      <symbol id="sm-976">
         <name>Com_SendSignal</name>
         <value>0x4829</value>
         <object_component_ref idref="oc-2e7"/>
      </symbol>
      <symbol id="sm-977">
         <name>Com_Init</name>
         <value>0x4459</value>
         <object_component_ref idref="oc-2e7"/>
      </symbol>
      <symbol id="sm-978">
         <name>Com_CopyTxData</name>
         <value>0x4991</value>
         <object_component_ref idref="oc-2e7"/>
      </symbol>
      <symbol id="sm-979">
         <name>Com_CopyRxData</name>
         <value>0x4a25</value>
         <object_component_ref idref="oc-2e7"/>
      </symbol>
      <symbol id="sm-97a">
         <name>com_pdur</name>
         <value>0x20001323</value>
         <object_component_ref idref="oc-393"/>
      </symbol>
      <symbol id="sm-986">
         <name>Com_Asu_IPdu</name>
         <value>0x20000cd8</value>
      </symbol>
      <symbol id="sm-987">
         <name>ComAsuConfiguration</name>
         <value>0x200012dc</value>
         <object_component_ref idref="oc-3ec"/>
      </symbol>
      <symbol id="sm-9ab">
         <name>Com_ReadSignalDataFromPduBuffer</name>
         <value>0x6991</value>
         <object_component_ref idref="oc-381"/>
      </symbol>
      <symbol id="sm-9ac">
         <name>Com_WriteSignalDataToPduBuffer</name>
         <value>0x6721</value>
         <object_component_ref idref="oc-381"/>
      </symbol>
      <symbol id="sm-9ad">
         <name>Com_UnPackSignalsFromPdu</name>
         <value>0x66bd</value>
         <object_component_ref idref="oc-381"/>
      </symbol>
      <symbol id="sm-9ae">
         <name>Com_WriteSignalDataToSignalBuffer</name>
         <value>0x6b7d</value>
         <object_component_ref idref="oc-381"/>
      </symbol>
      <symbol id="sm-9af">
         <name>Com_PackSignalsToPdu</name>
         <value>0x6659</value>
         <object_component_ref idref="oc-381"/>
      </symbol>
      <symbol id="sm-9b0">
         <name>Com_ReadSignalDataFromSignalBuffer</name>
         <value>0x6bb1</value>
         <object_component_ref idref="oc-381"/>
      </symbol>
      <symbol id="sm-9c2">
         <name>power</name>
         <value>0x7b4b</value>
         <object_component_ref idref="oc-38d"/>
      </symbol>
      <symbol id="sm-9c3">
         <name>validateSignalID</name>
         <value>0x7b31</value>
         <object_component_ref idref="oc-38d"/>
      </symbol>
      <symbol id="sm-a62">
         <name>cantp_cainf_FC</name>
         <value>0x2000131d</value>
         <object_component_ref idref="oc-345"/>
      </symbol>
      <symbol id="sm-a63">
         <name>cantp_com_rx_or_copy</name>
         <value>0x20001321</value>
         <object_component_ref idref="oc-348"/>
      </symbol>
      <symbol id="sm-a64">
         <name>getPduLength</name>
         <value>0x3021</value>
         <object_component_ref idref="oc-2cd"/>
      </symbol>
      <symbol id="sm-a65">
         <name>sendFlowControlFrame</name>
         <value>0x3765</value>
         <object_component_ref idref="oc-2cd"/>
      </symbol>
      <symbol id="sm-a66">
         <name>handleNextTxFrameSent</name>
         <value>0x363b</value>
         <object_component_ref idref="oc-2cd"/>
      </symbol>
      <symbol id="sm-a67">
         <name>getFrameType</name>
         <value>0x2f83</value>
         <object_component_ref idref="oc-2cd"/>
      </symbol>
      <symbol id="sm-a68">
         <name>copySegmentToPduRRxBuffer</name>
         <value>0x2ebd</value>
         <object_component_ref idref="oc-2cd"/>
      </symbol>
      <symbol id="sm-a69">
         <name>copySegmentToLocalRxBuffer</name>
         <value>0x2f21</value>
         <object_component_ref idref="oc-2cd"/>
      </symbol>
      <symbol id="sm-a6a">
         <name>handleConsecutiveFrame</name>
         <value>0x344f</value>
         <object_component_ref idref="oc-2cd"/>
      </symbol>
      <symbol id="sm-a6b">
         <name>handleFlowControlFrame</name>
         <value>0x3383</value>
         <object_component_ref idref="oc-2cd"/>
      </symbol>
      <symbol id="sm-a6c">
         <name>cantp_com_copy_tx</name>
         <value>0x2000131f</value>
         <object_component_ref idref="oc-350"/>
      </symbol>
      <symbol id="sm-a6d">
         <name>sendNextTxFrame</name>
         <value>0x38b3</value>
         <object_component_ref idref="oc-2cd"/>
      </symbol>
      <symbol id="sm-a6e">
         <name>handleFirstFrame</name>
         <value>0x3217</value>
         <object_component_ref idref="oc-2cd"/>
      </symbol>
      <symbol id="sm-a6f">
         <name>canReceivePaddingHelper</name>
         <value>0x2e3f</value>
         <object_component_ref idref="oc-2cd"/>
      </symbol>
      <symbol id="sm-a70">
         <name>calcRequiredProtocolFrameType</name>
         <value>0x30a9</value>
         <object_component_ref idref="oc-2cd"/>
      </symbol>
      <symbol id="sm-a71">
         <name>handleSingleFrame</name>
         <value>0x3111</value>
         <object_component_ref idref="oc-2cd"/>
      </symbol>
      <symbol id="sm-a72">
         <name>canTansmitPaddingHelper</name>
         <value>0x2dc5</value>
         <object_component_ref idref="oc-2cd"/>
      </symbol>
      <symbol id="sm-a73">
         <name>canif_ids</name>
         <value>0x2000131b</value>
         <object_component_ref idref="oc-342"/>
      </symbol>
      <symbol id="sm-a8f">
         <name>PduR_ComTransmit</name>
         <value>0x7469</value>
         <object_component_ref idref="oc-1e6"/>
      </symbol>
      <symbol id="sm-a90">
         <name>PduR_CanTpRxIndication</name>
         <value>0x7505</value>
         <object_component_ref idref="oc-1e6"/>
      </symbol>
      <symbol id="sm-a91">
         <name>PduR_CanIfRxIndication</name>
         <value>0x74bf</value>
         <object_component_ref idref="oc-1e6"/>
      </symbol>
      <symbol id="sm-a92">
         <name>PduR_CanTpCopyTxData</name>
         <value>0x7551</value>
         <object_component_ref idref="oc-1e6"/>
      </symbol>
      <symbol id="sm-a93">
         <name>PduR_CanTpTxConfirmation</name>
         <value>0x757d</value>
         <object_component_ref idref="oc-1e6"/>
      </symbol>
      <symbol id="sm-a94">
         <name>PduR_CanTpCopyRxData</name>
         <value>0x74dd</value>
         <object_component_ref idref="oc-1e6"/>
      </symbol>
      <symbol id="sm-a95">
         <name>PduR_CanTpStartOfReception</name>
         <value>0x7525</value>
         <object_component_ref idref="oc-1e6"/>
      </symbol>
      <symbol id="sm-af4">
         <name>real_com</name>
         <value>0x20001284</value>
         <object_component_ref idref="oc-368"/>
      </symbol>
      <symbol id="sm-af5">
         <name>real_CanTp_rx</name>
         <value>0x200012bc</value>
         <object_component_ref idref="oc-374"/>
      </symbol>
      <symbol id="sm-af6">
         <name>real_CanTp_tx</name>
         <value>0x200012f8</value>
         <object_component_ref idref="oc-37a"/>
      </symbol>
      <symbol id="sm-af7">
         <name>Com_type</name>
         <value>0x200012ac</value>
         <object_component_ref idref="oc-37d"/>
      </symbol>
      <symbol id="sm-af8">
         <name>real_CanIf</name>
         <value>0x2000124c</value>
         <object_component_ref idref="oc-36e"/>
      </symbol>
      <symbol id="sm-af9">
         <name>virtual_CanTp_rx</name>
         <value>0x200012cc</value>
         <object_component_ref idref="oc-371"/>
      </symbol>
      <symbol id="sm-afa">
         <name>virtual_CanTp_tx</name>
         <value>0x20001300</value>
         <object_component_ref idref="oc-377"/>
      </symbol>
      <symbol id="sm-afb">
         <name>get_type</name>
         <value>0x73fb</value>
         <object_component_ref idref="oc-2e1"/>
      </symbol>
      <symbol id="sm-afc">
         <name>virtual_CanIf</name>
         <value>0x20001268</value>
         <object_component_ref idref="oc-36b"/>
      </symbol>
      <symbol id="sm-afd">
         <name>virtual_com</name>
         <value>0x20001298</value>
         <object_component_ref idref="oc-365"/>
      </symbol>
      <symbol id="sm-afe">
         <name>get_ID</name>
         <value>0x7305</value>
         <object_component_ref idref="oc-2e1"/>
      </symbol>
      <symbol id="sm-b55">
         <name>CanTp_Shutdown</name>
         <value>0x5113</value>
         <object_component_ref idref="oc-1e0"/>
      </symbol>
      <symbol id="sm-b56">
         <name>CanTp_Init</name>
         <value>0x4eed</value>
         <object_component_ref idref="oc-1e0"/>
      </symbol>
      <symbol id="sm-b57">
         <name>initRx15765RuntimeData</name>
         <value>0x4daf</value>
         <object_component_ref idref="oc-1e0"/>
      </symbol>
      <symbol id="sm-b58">
         <name>CanTp_RxIndication</name>
         <value>0x4df7</value>
         <object_component_ref idref="oc-1e0"/>
      </symbol>
      <symbol id="sm-b59">
         <name>CanTp_MainFunction</name>
         <value>0x5129</value>
         <object_component_ref idref="oc-1e0"/>
      </symbol>
      <symbol id="sm-b5a">
         <name>CanTp_TxConfirmation</name>
         <value>0x5385</value>
         <object_component_ref idref="oc-1e0"/>
      </symbol>
      <symbol id="sm-b5b">
         <name>initTx15765RuntimeData</name>
         <value>0x4d6d</value>
         <object_component_ref idref="oc-1e0"/>
      </symbol>
      <symbol id="sm-b5c">
         <name>CanTp_Transmit</name>
         <value>0x4fb9</value>
         <object_component_ref idref="oc-1e0"/>
      </symbol>
      <symbol id="sm-b67">
         <name>__aeabi_d2iz</name>
         <value>0x7cdd</value>
         <object_component_ref idref="oc-34b"/>
      </symbol>
      <symbol id="sm-b71">
         <name>__aeabi_d2uiz</name>
         <value>0x7d69</value>
         <object_component_ref idref="oc-2d6"/>
      </symbol>
      <symbol id="sm-b7a">
         <name>__aeabi_lmul</name>
         <value>0x7e21</value>
         <object_component_ref idref="oc-3f1"/>
      </symbol>
      <symbol id="sm-b95">
         <name>memcpy</name>
         <value>0x7a1b</value>
         <object_component_ref idref="oc-49"/>
      </symbol>
      <symbol id="sm-b96">
         <name>__aeabi_memcpy</name>
         <value>0x7a1b</value>
         <object_component_ref idref="oc-49"/>
      </symbol>
      <symbol id="sm-b97">
         <name>__aeabi_memcpy8</name>
         <value>0x7a1b</value>
         <object_component_ref idref="oc-49"/>
      </symbol>
      <symbol id="sm-b98">
         <name>__aeabi_memcpy4</name>
         <value>0x7a1b</value>
         <object_component_ref idref="oc-49"/>
      </symbol>
      <symbol id="sm-ba8">
         <name>__aeabi_memset</name>
         <value>0x7ab9</value>
         <object_component_ref idref="oc-b4"/>
      </symbol>
      <symbol id="sm-ba9">
         <name>memset</name>
         <value>0x7abf</value>
         <object_component_ref idref="oc-b4"/>
      </symbol>
      <symbol id="sm-baa">
         <name>__aeabi_memset8</name>
         <value>0x7ab9</value>
         <object_component_ref idref="oc-b4"/>
      </symbol>
      <symbol id="sm-bab">
         <name>__aeabi_memset4</name>
         <value>0x7ab9</value>
         <object_component_ref idref="oc-b4"/>
      </symbol>
      <symbol id="sm-bac">
         <name>__aeabi_memclr8</name>
         <value>0x7ab7</value>
         <object_component_ref idref="oc-b4"/>
      </symbol>
      <symbol id="sm-bad">
         <name>__aeabi_memclr4</name>
         <value>0x7ab7</value>
         <object_component_ref idref="oc-b4"/>
      </symbol>
      <symbol id="sm-bae">
         <name>__aeabi_memclr</name>
         <value>0x7ab7</value>
         <object_component_ref idref="oc-b4"/>
      </symbol>
      <symbol id="sm-bc5">
         <name>__TI_zero_init</name>
         <value>0x7e47</value>
         <object_component_ref idref="oc-5b"/>
      </symbol>
      <symbol id="sm-bdc">
         <name>__TI_decompress_none</name>
         <value>0x7e39</value>
         <object_component_ref idref="oc-18"/>
      </symbol>
      <symbol id="sm-bff">
         <name>__TI_decompress_lzss</name>
         <value>0x7c15</value>
         <object_component_ref idref="oc-12"/>
      </symbol>
      <symbol id="sm-c12">
         <name>__stack</name>
         <value>0x20001328</value>
         <object_component_ref idref="oc-21"/>
      </symbol>
      <symbol id="sm-c13">
         <name>_c_int00_noargs</name>
         <value>0x7ded</value>
         <object_component_ref idref="oc-67"/>
      </symbol>
      <symbol id="sm-c3c">
         <name>__TI_auto_init_nobinit_nopinit</name>
         <value>0x7d25</value>
         <object_component_ref idref="oc-237"/>
      </symbol>
      <symbol id="sm-c46">
         <name>_system_pre_init</name>
         <value>0x7e65</value>
         <object_component_ref idref="oc-119"/>
      </symbol>
      <symbol id="sm-c52">
         <name>C$$EXIT</name>
         <value>0x7e69</value>
         <object_component_ref idref="oc-22b"/>
      </symbol>
      <symbol id="sm-c53">
         <name>abort</name>
         <value>0x7e69</value>
         <object_component_ref idref="oc-22b"/>
      </symbol>
      <symbol id="sm-c56">
         <name>__TI_static_base__</name>
         <value>0x0</value>
      </symbol>
      <symbol id="sm-c59">
         <name>__mpu_init</name>
         <value>0x0</value>
      </symbol>
      <symbol id="sm-c5a">
         <name>_system_post_cinit</name>
         <value>0x0</value>
      </symbol>
   </symbol_table>
   <title>Link successful</title>
</link_info>
